#-----------------------------------------------------------
# Vivado v2024.2 (64-bit)
# SW Build 5239630 on Fri Nov 08 22:35:27 MST 2024
# IP Build 5239520 on Sun Nov 10 16:12:51 MST 2024
# SharedData Build 5239561 on Fri Nov 08 14:39:27 MST 2024
# Start of session at: Thu Jun  5 16:28:51 2025
# Process ID         : 956
# Current directory  : C:/Users/Anishk/fpga-sensor-monitor/fpga/Blink_LED/Blink_LED.runs/impl_1
# Command line       : vivado.exe -log top.vdi -applog -product Vivado -messageDb vivado.pb -mode batch -source top.tcl -notrace
# Log file           : C:/Users/Anishk/fpga-sensor-monitor/fpga/Blink_LED/Blink_LED.runs/impl_1/top.vdi
# Journal file       : C:/Users/Anishk/fpga-sensor-monitor/fpga/Blink_LED/Blink_LED.runs/impl_1\vivado.jou
# Running On         : AnishkM-Zenbook14
# Platform           : Windows Server 2016 or Windows 10
# Operating System   : 26100
# Processor Detail   : Intel(R) Core(TM) Ultra 7 155H
# CPU Frequency      : 2995 MHz
# CPU Physical cores : 16
# CPU Logical cores  : 22
# Host memory        : 16498 MB
# Swap memory        : 38654 MB
# Total Virtual      : 55152 MB
# Available Virtual  : 26905 MB
#-----------------------------------------------------------
source top.tcl -notrace
